Loaded Bayes-clean dataset: C:/Users/ansle/OneDrive/Documents/GitHub/kerbel-long-term-impacts/out/wq_cleaned.csv 
Rows: 15366  | Columns: 80 
Rows: 15,366
Columns: 80
$ `_wq_idx`                         <dbl> 0, 1111, 2222, 3333, 4444, 5555, 666…
$ Date                              <date> 2011-06-30, 2011-06-30, 2011-06-30,…
$ Year                              <int> 2011, 2011, 2011, 2011, 2011, 2011, …
$ Irrigation                        <fct> 1, 1, 1, 1, 1, 1, 1, 1, 1, 1, 1, 1, …
$ Rep                               <fct> 1, 1, 1, 1, 1, 1, 1, 1, 1, 1, 1, 1, …
$ Treatment                         <fct> CT, CT, CT, CT, CT, CT, CT, CT, CT, …
$ InflowOutflow                     <chr> "OUT", "OUT", "OUT", "OUT", "OUT", "…
$ SampleID                          <chr> "CT1-01-OT", "CT1-01-OT", "CT1-01-OT…
$ FF                                <lgl> FALSE, FALSE, FALSE, FALSE, FALSE, F…
$ Composite                         <chr> "AC", "AC", "AC", "AC", "AC", "AC", …
$ Duplicate                         <int> 0, 0, 0, 0, 0, 0, 0, 0, 0, 0, 0, 0, …
$ Flag                              <chr> NA, NA, NA, NA, NA, NA, NA, NA, NA, …
$ NoRunoff                          <lgl> FALSE, FALSE, FALSE, FALSE, FALSE, F…
$ Volume                            <dbl> 11576.43, 11576.43, 11576.43, 11576.…
$ SampleMethod                      <fct> GBW, GBW, GBW, GBW, GBW, GBW, GBW, G…
$ MeasureMethod                     <chr> "Transducer", "Transducer", "Transdu…
$ IrrMethod                         <chr> "Siphon", "Siphon", "Siphon", "Sipho…
$ FlumeMethod                       <fct> Weir, Weir, Weir, Weir, Weir, Weir, …
$ TSSMethod                         <chr> "Imhoff Cones", "Imhoff Cones", "Imh…
$ Lab                               <chr> "CSU Soil, Water and Plant Testing L…
$ Notes                             <chr> "OG Sample IDS: CT1-T1, CT1-T2, CT1-…
$ Analyte                           <fct> OrthoP, TotalP, ICP, TKN, Nitrate, N…
$ Result_mg_L                       <dbl> 0.064, 1.431, 0.117, NA, 8.567, NA, …
$ Inflow_Result_mg_L                <dbl> 0.010, 0.077, 0.033, NA, 6.400, NA, …
$ Inflow_Flag                       <chr> NA, NA, NA, NA, NA, NA, NA, NA, NA, …
$ Inflow_Volume                     <dbl> 55761.14, 55761.14, 55761.14, 55761.…
$ Has_Inflow                        <lgl> TRUE, TRUE, TRUE, FALSE, TRUE, FALSE…
$ MDL_Provided                      <dbl> 0.340, 0.033, NA, NA, 0.190, 0.110, …
$ RL_Provided                       <dbl> 0.75, 0.05, NA, NA, 0.20, 0.15, NA, …
$ RLMDL_Provided_Units              <chr> "MG/L", "MG/L", NA, NA, "MG/L", "MG/…
$ RLMDL_Method                      <chr> "EPA300.0 [300OPHOS]_W", "EPA365.2 […
$ MDL_mg_L                          <dbl> 0.340, 0.033, NA, NA, 0.190, 0.110, …
$ RL_mg_L                           <dbl> 0.7500, 0.0500, NA, NA, 0.2000, 0.15…
$ RLMDL_Source                      <chr> "CSU_assumed_from_ALS_pre2023", "CSU…
$ RLMDL_Assumed                     <lgl> TRUE, TRUE, TRUE, TRUE, TRUE, TRUE, …
$ PlantDate                         <date> 2011-05-04, 2011-05-04, 2011-05-04,…
$ HarvestDate                       <date> 2011-11-15, 2011-11-15, 2011-11-15,…
$ SeasonYear                        <int> 2011, 2011, 2011, 2011, 2011, 2011, …
$ Crop                              <fct> grain corn, grain corn, grain corn, …
$ PreviousHarvestDate               <date> NA, NA, NA, NA, NA, NA, NA, NA, NA,…
$ previous_crop                     <fct> grain corn, grain corn, grain corn, …
$ CumAll_STIR_toDate                <dbl> 204.1975, 204.1975, 204.1975, 204.19…
$ Season_STIR_toDate                <dbl> 204.1975, 204.1975, 204.1975, 204.19…
$ Season_STIR_StartDate             <date> NA, NA, NA, NA, NA, NA, NA, NA, NA,…
$ Season_STIR_LeftCensored          <lgl> TRUE, TRUE, TRUE, TRUE, TRUE, TRUE, …
$ Season_STIR_BoundaryDayCarryover  <dbl> 0, 0, 0, 0, 0, 0, 0, 0, 0, 0, 0, 0, …
$ PlantCalendarYear                 <dbl> 2011, 2011, 2011, 2011, 2011, 2011, …
$ ResidueAssignmentEligible         <lgl> TRUE, TRUE, TRUE, TRUE, TRUE, TRUE, …
$ ResidueMeasurementDate            <date> NA, NA, NA, NA, NA, NA, NA, NA, NA,…
$ ResidueModelDate                  <date> 2011-05-04, 2011-05-04, 2011-05-04,…
$ ResidueModelDateSource            <chr> "PlantDate proxy", "PlantDate proxy"…
$ Residue_STIR_toMeasurement        <dbl> 186.3225, 186.3225, 186.3225, 186.32…
$ Residue_STIR_LeftCensored         <lgl> TRUE, TRUE, TRUE, TRUE, TRUE, TRUE, …
$ Residue_STIR_StartDate            <date> NA, NA, NA, NA, NA, NA, NA, NA, NA,…
$ Residue_STIR_BoundaryDayCarryover <dbl> 0, 0, 0, 0, 0, 0, 0, 0, 0, 0, 0, 0, …
$ ResidueYear                       <dbl> 2011, 2011, 2011, 2011, 2011, 2011, …
$ Residue_PercentCover              <dbl> NA, NA, NA, NA, NA, NA, NA, NA, NA, …
$ Residue_DryMass_kg_m2             <dbl> 0.03242000, 0.03242000, 0.03242000, …
$ Residue_n                         <dbl> 0, 0, 0, 0, 0, 0, 0, 0, 0, 0, 0, 0, …
$ Result_is_nd                      <dbl> 0, 0, 0, 0, 0, 0, 0, 0, 0, 0, 0, 0, …
$ Result_mg_L_cens                  <dbl> 0.064, 1.431, 0.117, NA, 8.567, NA, …
$ Result_lod_mg_L                   <dbl> 0.7500, 0.0500, NA, NA, 0.2000, 0.15…
$ Inflow_is_nd                      <dbl> 0, 0, 0, 0, 0, 0, 0, 0, 0, 0, 0, 0, …
$ Inflow_Result_mg_L_cens           <dbl> 0.010, 0.077, 0.033, NA, 6.400, NA, …
$ Inflow_lod_mg_L                   <dbl> 0.7500, 0.0500, NA, NA, 0.2000, 0.15…
$ analyte_abbr                      <fct> OP, TP, ICP, TKN, NO3, NO2, NOx, TN,…
$ cout_z                            <dbl> -0.3723333, 0.1033295, -0.3240402, N…
$ cin_z                             <dbl> -0.2704659, 0.5754085, 2.1919865, NA…
$ stir_season_z                     <dbl> 1.260272, 1.260272, 1.260272, 1.2602…
$ stir_cumall_z                     <dbl> -1.183722, -1.183722, -1.183722, -1.…
$ volume_z                          <dbl> -0.9547269, -0.9547269, -0.9547269, …
$ IRR_z                             <dbl> -1.315148, -1.315148, -1.315148, -1.…
$ inflow_volume_z                   <dbl> -1.405963, -1.405963, -1.405963, -1.…
$ residue_prop                      <dbl> NA, NA, NA, NA, NA, NA, NA, NA, NA, …
$ residue_obs                       <dbl> 1, 1, 1, 1, 1, 1, 1, 1, 1, 1, 1, 1, …
$ PhysicalEventID                   <chr> "PE_8372856d847ab29e3d55", "PE_83728…
$ ConcentrationObservationID        <chr> "CO_5feceb66ffc86f38d952", "CO_0ffe1…
$ EventDate                         <date> 2011-06-30, 2011-06-30, 2011-06-30,…
$ ObservationDate                   <date> 2011-06-30, 2011-06-30, 2011-06-30,…
$ orig_row                          <int> 1, 2, 3, 4, 5, 6, 7, 8, 9, 10, 11, 1…
# A tibble: 10 × 5
   analyte_abbr n_total n_value  n_na prop_na
   <fct>          <int>   <int> <int>   <dbl>
 1 NH4             1095      82  1013   0.925
 2 NO3             1100     831   269   0.245
 3 NO2             1095     440   655   0.598
 4 OP              1098     811   287   0.261
 5 Se              1095     215   880   0.804
 6 TDS             1095     368   727   0.664
 7 TKN             1095     739   356   0.325
 8 TN              1101     172   929   0.844
 9 TP              1101     815   286   0.260
10 TSS             1109     894   215   0.194

[PHYSICAL-EVENT AUDIT v3p3]
Physical-event key: Year + Irrigation + Rep + Treatment 
# A tibble: 20 × 2
   metric                                    value
   <chr>                                     <dbl>
 1 N_concentration_rows                    10984  
 2 E_n_physical_events                       528  
 3 J_VOL_genuine_volume_observations         372  
 4 VIN_n_physical_event_units                528  
 5 nonmissing_raw_volume_rows               6985  
 6 copied_volume_rows_removed_by_preflight  9395  
 7 conflicting_VIN_event_groups                0  
 8 rows_per_event_min                          1  
 9 rows_per_event_median                      20  
10 rows_per_event_mean                        20.8
11 rows_per_event_max                         60  
12 missing_C_raw                            5617  
13 missing_CIN                              5731  
14 missing_VIN                              4389  
15 missing_VIN_event                         204  
16 events_without_volume_likelihood_row      195  
17 missing_RES_unit                           36  
18 E_bounds_ok                                 1  
19 E_rep_row_bounds_ok                         1  
20 VIN_E_bounds_ok                             1  

Raw repetition audit (VIN and residue are modeled once per unit):
# A tibble: 2 × 7
  variable  model_unit           nonmissing_row_values nonmissing_model_units
  <chr>     <chr>                                <int>                  <int>
1 vin_std   physical_plot_event                   6595                    324
2 RES_input planting_season_plot                  7449                     54
# ℹ 3 more variables: approximate_repetition_factor <dbl>,
#   conflicting_event_groups <int>, mixed_missing_event_groups <int>

Residue-unit audit:
Residue-unit key: PlantDate + SeasonYear + Treatment + Rep + Crop + previous_crop 
# A tibble: 11 × 2
   metric                                    value
   <chr>                                     <dbl>
 1 R_n_residue_units                           90 
 2 nonmissing_row_level_residue              7449 
 3 nonmissing_residue_units                    54 
 4 approximate_old_residue_repetition_factor  138.
 5 conflicting_residue_units                    0 
 6 rows_per_residue_unit_min                   30 
 7 rows_per_residue_unit_median               110 
 8 rows_per_residue_unit_mean                 122.
 9 rows_per_residue_unit_max                  290 
10 missing_RES_unit                            36 
11 R_bounds_ok                                  1 

Top 20 largest event-volume groups:
# A tibble: 20 × 20
   physical_event_index PhysicalEventID          Year Irrigation Rep   Treatment
                  <int> <chr>                   <int> <fct>      <fct> <chr>    
 1                   84 PE_248493668060338e72e6  2023 1          1     MT       
 2                  344 PE_a5dd6f772a1d2e7d821c  2023 2          1     MT       
 3                  195 PE_5bf168b414e63b4f63f3  2023 4          2     CT       
 4                  257 PE_78a0e5a12037218db30c  2023 5          2     ST       
 5                  295 PE_8d90127b55de039c6ab7  2023 4          1     MT       
 6                  360 PE_acc7ee117e759ece44f9  2023 3          2     MT       
 7                  376 PE_b6fd60d10e559978199b  2023 3          1     MT       
 8                    2 PE_007bf9724431b43650d7  2025 7          1     ST       
 9                    3 PE_00b38906ec1907c7d0dc  2024 4          1     ST       
10                    4 PE_01024210b88310ac1815  2025 6          1     CT       
11                    8 PE_02b42436b7981ca07571  2024 4          2     MT       
12                    9 PE_0373cedd6c6b07cdac38  2025 3          1     ST       
13                   29 PE_0c2d197a5610b0bbb10e  2025 6          2     ST       
14                   31 PE_0c873ebca68f220b5575  2014 3          2     CT       
15                   38 PE_0f2c1b5db3c1949d1f74  2014 3          1     CT       
16                   39 PE_0f6804c5fdc4da7fb4f7  2014 1          2     CT       
17                   51 PE_1607bd85c5b858754283  2023 2          2     CT       
18                   56 PE_17f8630aaa6312f3912a  2023 5          2     CT       
19                   70 PE_2000666922e9baf4491a  2025 5          2     ST       
20                   76 PE_21ef5b6342274d9e3203  2023 2          1     CT       
# ℹ 14 more variables: E_rep_row <int>, VIN_E <int>, row_count <int>,
#   EventDate <date>, n_genuine_volume_observations <int>, RepScope <chr>,
#   FurrowTireCompaction <int>, AnchorDate <date>, AnchorOperation <chr>,
#   Timing <chr>, DateStatus <chr>, ProvenanceNote <chr>,
#   CompactionExposureSource <chr>, TimingValidation <chr>

Censoring summary:
  Censored (ND) rows: 730 
  Censored rows with finite limit: 730 
  Censored rows with finite C: 730 

==============================
Variable: A 
No NA values detected.

==============================
Variable: B 
No NA values detected.

==============================
Variable: S 
No NA values detected.

==============================
Variable: Fu 
No NA values detected.

==============================
Variable: Y 
No NA values detected.

==============================
Variable: Cr 
No NA values detected.

==============================
Variable: PrevCr 
No NA values detected.

==============================
Variable: C 
NA count: 5617 
Rows with NA: 3, 5, 7, 8, 9, 13, 15, 17, 18, 19, 23, 25, 27, 28, 29, 33, 35, 37, 38, 39, 41, 42, 43, 44, 45 ... 

Example offending rows from d_mod:
# A tibble: 10 × 101
   `_wq_idx` Date        Year Irrigation Rep   Treatment InflowOutflow SampleID 
       <dbl> <date>     <int> <fct>      <fct> <fct>     <chr>         <chr>    
 1      3333 2011-06-30  2011 1          1     CT        OUT           CT1-01-OT
 2      5555 2011-06-30  2011 1          1     CT        OUT           CT1-01-OT
 3      8888 2011-06-30  2011 1          1     CT        OUT           CT1-01-OT
 4     11110 2011-06-30  2011 1          1     CT        OUT           CT1-01-OT
 5     13332 2011-06-30  2011 1          1     CT        OUT           CT1-01-OT
 6      3336 2011-07-01  2011 1          2     CT        OUT           CT2-01-0T
 7      5558 2011-07-01  2011 1          2     CT        OUT           CT2-01-0T
 8      8891 2011-07-01  2011 1          2     CT        OUT           CT2-01-0T
 9     11113 2011-07-01  2011 1          2     CT        OUT           CT2-01-0T
10     13335 2011-07-01  2011 1          2     CT        OUT           CT2-01-0T
# ℹ 93 more variables: FF <lgl>, Composite <chr>, Duplicate <int>, Flag <chr>,
#   NoRunoff <lgl>, Volume <dbl>, SampleMethod <fct>, MeasureMethod <chr>,
#   IrrMethod <chr>, FlumeMethod <fct>, TSSMethod <chr>, Lab <chr>,
#   Notes <chr>, Analyte <fct>, Result_mg_L <dbl>, Inflow_Result_mg_L <dbl>,
#   Inflow_Flag <chr>, Inflow_Volume <dbl>, Has_Inflow <lgl>,
#   MDL_Provided <dbl>, RL_Provided <dbl>, RLMDL_Provided_Units <chr>,
#   RLMDL_Method <chr>, MDL_mg_L <dbl>, RL_mg_L <dbl>, RLMDL_Source <chr>, …

==============================
Variable: C_cens 
No NA values detected.

==============================
Variable: C_cens_limit 
No NA values detected.

==============================
Variable: E 
No NA values detected.

==============================
Variable: EA 
No NA values detected.

==============================
Variable: R 
No NA values detected.

==============================
Variable: STIR 
No NA values detected.

==============================
Variable: IRR_z 
No NA values detected.

==============================
Variable: DUP 
No NA values detected.

[INFO] Missing counts:
  N_C_miss    = 5717 
  N_CIN_EA_miss = 3419 
  N_VIN_event_miss = 204 
  J_VOL genuine observations = 372 
  Furrow tire-compaction events = 120 
  Compacted events with genuine volume = 70 
  N_RES_unit_miss = 36 
[INFO] Crop levels (Cr_n) = 5 

[INFO] Censoring summary:
  Censored (ND) rows: 730 
  Censored rows with finite limit: 730 
  Censored rows marked missing (should be 0): 0 

[INFO] Residue-unit summary (raw, before clamp/fill):
   Min. 1st Qu.  Median    Mean 3rd Qu.    Max.    NA's 
0.00010 0.08583 0.33333 0.34473 0.54417 0.99990      36 
[INFO] Residue-unit summary (Stan-ready, after clamp/fill):
   Min. 1st Qu.  Median    Mean 3rd Qu.    Max. 
 0.0001  0.2617  0.5000  0.4068  0.5000  0.9999 
                        beta_vol_is_global_scalar 
                                             TRUE 
                       beta_vol_hierarchy_removed 
                                             TRUE 
standardized_fixed_effects_use_unit_normal_priors 
                                             TRUE 
            no_subunit_zero_centered_normal_prior 
                                             TRUE 
                 exponential_priors_use_unit_rate 
                                             TRUE 
                    beta_stir_is_analyte_specific 
                                             TRUE 
                                    b_V_is_scalar 
                                             TRUE 
                          residue_in_volume_model 
                                             TRUE 
                   tire_compaction_is_event_level 
                                             TRUE 
                   tire_compaction_is_volume_only 
                                             TRUE 
                   residue_in_concentration_model 
                                             TRUE 
                               vin_is_event_level 
                                             TRUE 
          vin_has_imputation_prior_not_likelihood 
                                             TRUE 
                 residue_likelihood_is_unit_level 
                                             TRUE 
                       cin_is_event_analyte_level 
                                             TRUE 
             concentration_truth_is_event_analyte 
                                             TRUE 
           observation_effects_are_not_in_process 
                                             TRUE 
            concentration_likelihood_is_row_level 
                                             TRUE 
    volume_likelihood_maps_observations_to_events 
                                             TRUE 
                          gp_has_single_amplitude 
                                             TRUE 
              no_method_specific_volume_parameter 
                                             TRUE 

[v3p3] post assembled.
  draws: 4000  A_n: 10  Y_n: 15  Cr_n: 5  PrevCr_n: 5 
  residue placeholder: FALSE 
pdf 
  2 
pdf 
  2 
pdf 
  2 
pdf 
  2 
# A tibble: 17 × 4
   Year  CT                MT                ST               
   <chr> <chr>             <chr>             <chr>            
 1 2011  135 (94, 175)     115 (73, 162)     118 (80, 157)    
 2 2012  198 (128, 268)    162 (113, 212)    151 (97, 206)    
 3 2013  181 (131, 228)    175 (131, 227)    153 (111, 195)   
 4 2014  141 (107, 175)    83 (47, 121)      88 (52, 125)     
 5 2015  156 (117, 195)    97 (64, 131)      91 (59, 125)     
 6 2016  61 (41, 83)       29 (10, 50)       38 (17, 57)      
 7 2017  210 (160, 255)    123 (89, 157)     114 (81, 148)    
 8 2018  157 (84, 245)     138 (70, 222)     138 (70, 220)    
 9 2019  30 (12, 48)       30 (12, 49)       30 (12, 49)      
10 2020  185 (127, 241)    117 (70, 164)     123 (84, 165)    
11 2021  167 (120, 215)    105 (62, 157)     217 (167, 265)   
12 2022  235 (172, 298)    349 (293, 406)    356 (295, 416)   
13 2023  240 (196, 287)    344 (295, 388)    319 (270, 366)   
14 2024  145 (112, 179)    222 (188, 254)    213 (184, 241)   
15 2025  273 (223, 320)    355 (309, 401)    365 (325, 407)   
16 Total 2513 (1823, 3210) 2445 (1827, 3101) 2514 (1904, 3143)
17 Total 2513 (1823, 3210) 2445 (1827, 3101) 2514 (1904, 3143)
# A tibble: 10 × 6
   analyte CT          MT    ST    `MT reduction from CT` `ST reduction from CT`
   <chr>   <chr>       <chr> <chr> <chr>                  <chr>                 
 1 NH4     0.29 (0.15… 0.28… 0.29… 5.1% (-30.2%, 35.9%)   1.4% (-34.6%, 32.2%)  
 2 NO2     0.98 (0.43… 0.80… 0.83… 15.6% (-17.8%, 42.0%)  13.0% (-22.3%, 41.0%) 
 3 NO3     17.67 (14.… 16.8… 17.1… 4.4% (-11.4%, 18.0%)   2.9% (-12.4%, 16.1%)  
 4 OP      0.39 (0.25… 0.44… 0.45… -12.8% (-43.9%, 11.1%) -15.5% (-45.1%, 7.7%) 
 5 Se      0.02 (0.01… 0.01… 0.02… 11.2% (-4.7%, 25.5%)   7.9% (-7.9%, 21.8%)   
 6 TDS     2132.79 (1… 2166… 2218… -2.2% (-20.4%, 13.1%)  -4.7% (-22.2%, 11.4%) 
 7 TKN     8.54 (6.05… 7.99… 8.50… 5.7% (-20.5%, 26.2%)   -0.3% (-27.2%, 21.9%) 
 8 TN      14.84 (8.3… 13.9… 14.2… 6.6% (-17.8%, 29.0%)   4.1% (-20.3%, 26.3%)  
 9 TP      1.58 (0.37… 2.03… 1.90… -41.1% (-156.0%, 11.8… -25.3% (-97.2%, 19.7%)
10 TSS     2058.25 (8… 1886… 1857… 6.4% (-34.6%, 36.8%)   9.2% (-27.5%, 39.9%)  
# A tibble: 1 × 12
  n_parameters n_parameters_with_finite_rhat max_rhat mean_rhat median_rhat
         <dbl>                         <dbl>    <dbl>     <dbl>       <dbl>
1       139249                        117294     1.07        NA          NA
# ℹ 7 more variables: n_rhat_at_or_below_1_04 <dbl>, n_rhat_gt_1_04 <dbl>,
#   percent_rhat_at_or_below_1_04 <dbl>, min_ess_bulk <dbl>,
#   min_ess_tail <dbl>, median_ess_bulk <dbl>, median_ess_tail <dbl>
