Loaded Bayes-clean dataset: C:/Users/ansle/OneDrive/Documents/GitHub/kerbel-long-term-impacts/out/wq_cleaned.csv 
Rows: 15366  | Columns: 64 
Rows: 15,366
Columns: 64
$ `_wq_idx`                  <dbl> 0, 1111, 2222, 3333, 4444, 5555, 6666, 7777…
$ Date                       <date> 2011-06-30, 2011-06-30, 2011-06-30, 2011-0…
$ Year                       <int> 2011, 2011, 2011, 2011, 2011, 2011, 2011, 2…
$ Irrigation                 <fct> 1, 1, 1, 1, 1, 1, 1, 1, 1, 1, 1, 1, 1, 1, 1…
$ Rep                        <fct> 1, 1, 1, 1, 1, 1, 1, 1, 1, 1, 1, 1, 1, 1, 2…
$ Treatment                  <fct> CT, CT, CT, CT, CT, CT, CT, CT, CT, CT, CT,…
$ InflowOutflow              <chr> "OUT", "OUT", "OUT", "OUT", "OUT", "OUT", "…
$ SampleID                   <chr> "CT1-01-OT", "CT1-01-OT", "CT1-01-OT", "CT1…
$ FF                         <lgl> FALSE, FALSE, FALSE, FALSE, FALSE, FALSE, F…
$ Composite                  <chr> "AC", "AC", "AC", "AC", "AC", "AC", "AC", "…
$ Duplicate                  <int> 0, 0, 0, 0, 0, 0, 0, 0, 0, 0, 0, 0, 0, 0, 0…
$ Flag                       <chr> NA, NA, NA, NA, NA, NA, NA, NA, NA, NA, NA,…
$ NoRunoff                   <lgl> FALSE, FALSE, FALSE, FALSE, FALSE, FALSE, F…
$ Volume                     <dbl> 11576.43, 11576.43, 11576.43, 11576.43, 115…
$ SampleMethod               <fct> GBW, GBW, GBW, GBW, GBW, GBW, GBW, GBW, GBW…
$ MeasureMethod              <chr> "Transducer", "Transducer", "Transducer", "…
$ IrrMethod                  <chr> "Siphon", "Siphon", "Siphon", "Siphon", "Si…
$ FlumeMethod                <fct> Weir, Weir, Weir, Weir, Weir, Weir, Weir, W…
$ TSSMethod                  <chr> "Imhoff Cones", "Imhoff Cones", "Imhoff Con…
$ Lab                        <chr> "CSU Soil, Water and Plant Testing Laborato…
$ Notes                      <chr> "OG Sample IDS: CT1-T1, CT1-T2, CT1-T3. The…
$ Analyte                    <fct> OrthoP, TotalP, ICP, TKN, Nitrate, Nitrite,…
$ Result_mg_L                <dbl> 0.064, 1.431, 0.117, NA, 8.567, NA, NA, 12.…
$ Inflow_Result_mg_L         <dbl> 0.010, 0.077, 0.033, NA, 6.400, NA, NA, 7.3…
$ Inflow_Flag                <chr> NA, NA, NA, NA, NA, NA, NA, NA, NA, NA, NA,…
$ Inflow_Volume              <dbl> 55761.14, 55761.14, 55761.14, 55761.14, 557…
$ Has_Inflow                 <lgl> TRUE, TRUE, TRUE, FALSE, TRUE, FALSE, FALSE…
$ MDL_Provided               <dbl> 0.340, 0.033, NA, NA, 0.190, 0.110, NA, NA,…
$ RL_Provided                <dbl> 0.75, 0.05, NA, NA, 0.20, 0.15, NA, NA, NA,…
$ RLMDL_Provided_Units       <chr> "MG/L", "MG/L", NA, NA, "MG/L", "MG/L", NA,…
$ RLMDL_Method               <chr> "EPA300.0 [300OPHOS]_W", "EPA365.2 [365.2TP…
$ MDL_mg_L                   <dbl> 0.340, 0.033, NA, NA, 0.190, 0.110, NA, NA,…
$ RL_mg_L                    <dbl> 0.7500, 0.0500, NA, NA, 0.2000, 0.1500, NA,…
$ RLMDL_Source               <chr> "CSU_assumed_from_ALS_pre2023", "CSU_assume…
$ RLMDL_Assumed              <lgl> TRUE, TRUE, TRUE, TRUE, TRUE, TRUE, TRUE, T…
$ PlantDate                  <date> 2011-05-04, 2011-05-04, 2011-05-04, 2011-0…
$ HarvestDate                <date> 2011-11-15, 2011-11-15, 2011-11-15, 2011-1…
$ SeasonYear                 <int> 2011, 2011, 2011, 2011, 2011, 2011, 2011, 2…
$ Crop                       <fct> grain corn, grain corn, grain corn, grain c…
$ previous_crop              <fct> grain corn, grain corn, grain corn, grain c…
$ CumAll_STIR_toDate         <dbl> 204.1975, 204.1975, 204.1975, 204.1975, 204…
$ Season_STIR_toDate         <dbl> 204.1975, 204.1975, 204.1975, 204.1975, 204…
$ Residue_PercentCover       <dbl> NA, NA, NA, NA, NA, NA, NA, NA, NA, NA, NA,…
$ Residue_DryMass_kg_m2      <dbl> 0.03242000, 0.03242000, 0.03242000, 0.03242…
$ Residue_n                  <dbl> 0, 0, 0, 0, 0, 0, 0, 0, 0, 0, 0, 0, 0, 0, 0…
$ Result_is_nd               <dbl> 0, 0, 0, 0, 0, 0, 0, 0, 0, 0, 0, 0, 0, 0, 0…
$ Result_mg_L_cens           <dbl> 0.064, 1.431, 0.117, NA, 8.567, NA, NA, 12.…
$ Result_lod_mg_L            <dbl> 0.7500, 0.0500, NA, NA, 0.2000, 0.1500, NA,…
$ Inflow_is_nd               <dbl> 0, 0, 0, 0, 0, 0, 0, 0, 0, 0, 0, 0, 0, 0, 0…
$ Inflow_Result_mg_L_cens    <dbl> 0.010, 0.077, 0.033, NA, 6.400, NA, NA, 7.3…
$ Inflow_lod_mg_L            <dbl> 0.7500, 0.0500, NA, NA, 0.2000, 0.1500, NA,…
$ analyte_abbr               <fct> OP, TP, ICP, TKN, NO3, NO2, NOx, TN, NH4, T…
$ cout_z                     <dbl> -0.3723333, 0.1033295, -0.3240402, NA, 0.63…
$ cin_z                      <dbl> -0.2704659, 0.5754085, 2.1919865, NA, 0.107…
$ stir_season_z              <dbl> 2.627184, 2.627184, 2.627184, 2.627184, 2.6…
$ stir_cumall_z              <dbl> -1.183722, -1.183722, -1.183722, -1.183722,…
$ volume_z                   <dbl> -0.9547269, -0.9547269, -0.9547269, -0.9547…
$ IRR_z                      <dbl> -1.315148, -1.315148, -1.315148, -1.315148,…
$ inflow_volume_z            <dbl> -1.405963, -1.405963, -1.405963, -1.405963,…
$ residue_prop               <dbl> NA, NA, NA, NA, NA, NA, NA, NA, NA, NA, NA,…
$ residue_obs                <dbl> 1, 1, 1, 1, 1, 1, 1, 1, 1, 1, 1, 1, 1, 1, 1…
$ PhysicalEventID            <chr> "PE_eb5dff43057b7e2458f6", "PE_eb5dff43057b…
$ ConcentrationObservationID <chr> "CO_5feceb66ffc86f38d952", "CO_0ffe1abd1a08…
$ orig_row                   <int> 1, 2, 3, 4, 5, 6, 7, 8, 9, 10, 11, 12, 13, …
# A tibble: 10 × 5
   analyte_abbr n_total n_value  n_na prop_na
   <fct>          <int>   <int> <int>   <dbl>
 1 NH4             1095      82  1013   0.925
 2 NO3             1100     831   269   0.245
 3 NO2             1095     440   655   0.598
 4 OP              1098     811   287   0.261
 5 Se              1095     215   880   0.804
 6 TDS             1095     368   727   0.664
 7 TKN             1095     739   356   0.325
 8 TN              1101     172   929   0.844
 9 TP              1101     815   286   0.260
10 TSS             1109     894   215   0.194

[PHYSICAL-EVENT AUDIT v3p0]
Physical-event key: Date + Year + Irrigation + Rep + Treatment 
# A tibble: 20 × 2
   metric                                    value
   <chr>                                     <dbl>
 1 N_concentration_rows                    10804  
 2 E_n_physical_events                       517  
 3 J_VOL_genuine_volume_observations         370  
 4 VIN_n_physical_event_units                517  
 5 nonmissing_raw_volume_rows               6965  
 6 copied_volume_rows_removed_by_preflight  9369  
 7 conflicting_VIN_event_groups                0  
 8 rows_per_event_min                          1  
 9 rows_per_event_median                      20  
10 rows_per_event_mean                        20.9
11 rows_per_event_max                         60  
12 missing_C_raw                            5488  
13 missing_CIN                              5551  
14 missing_VIN                              4209  
15 missing_VIN_event                         193  
16 events_without_volume_likelihood_row      186  
17 missing_RES_unit                           36  
18 E_bounds_ok                                 1  
19 E_rep_row_bounds_ok                         1  
20 VIN_E_bounds_ok                             1  

Raw repetition audit (VIN and residue are modeled once per unit):
# A tibble: 2 × 7
  variable  model_unit           nonmissing_row_values nonmissing_model_units
  <chr>     <chr>                                <int>                  <int>
1 vin_std   physical_plot_event                   6595                    324
2 RES_input planting_season_plot                  7899                     66
# ℹ 3 more variables: approximate_repetition_factor <dbl>,
#   conflicting_event_groups <int>, mixed_missing_event_groups <int>

Residue-unit audit:
Residue-unit key: PlantDate + Year + Treatment + Rep + Crop + previous_crop 
# A tibble: 11 × 2
   metric                                     value
   <chr>                                      <dbl>
 1 R_n_residue_units                          102  
 2 nonmissing_row_level_residue              7899  
 3 nonmissing_residue_units                    66  
 4 approximate_old_residue_repetition_factor  120. 
 5 conflicting_residue_units                    0  
 6 rows_per_residue_unit_min                   10  
 7 rows_per_residue_unit_median                90.5
 8 rows_per_residue_unit_mean                 106. 
 9 rows_per_residue_unit_max                  280  
10 missing_RES_unit                            36  
11 R_bounds_ok                                  1  

Top 20 largest event-volume groups:
# A tibble: 20 × 10
   physical_event_index PhysicalEventID        Date        Year Irrigation Rep  
                  <int> <chr>                  <date>     <int> <fct>      <fct>
 1                   40 PE_103d31d87b8989b078… 2023-08-16  2023 2          1    
 2                  173 PE_4f8bc0d68bb7e3bfe8… 2023-07-17  2023 1          1    
 3                   29 PE_0d0deda9b3de41b974… 2023-09-26  2023 5          2    
 4                   31 PE_0d57e30e5b4c926d1e… 2023-08-23  2023 3          1    
 5                   78 PE_1d9a7d3ce1625dbc2d… 2023-08-23  2023 3          2    
 6                  192 PE_5a19bce816f839946c… 2023-09-20  2023 4          2    
 7                  193 PE_5a4fce34a0e108e52d… 2023-09-20  2023 4          1    
 8                    2 PE_013bf97cfac8f24b53… 2023-08-16  2023 2          1    
 9                    4 PE_02f279769c003d1079… 2024-05-30  2024 2          2    
10                   10 PE_052d656fa1c2325091… 2023-09-26  2023 5          2    
11                   11 PE_058c1d507f970942d1… 2021-08-26  2021 5          2    
12                   13 PE_0642607ffbb8979c70… 2025-09-14  2025 7          2    
13                   14 PE_06c1fb6867da5c0723… 2024-06-20  2024 4          1    
14                   19 PE_086c1f530ca53302a8… 2025-07-31  2025 3          2    
15                   38 PE_0fad74322d462907ef… 2025-08-19  2025 5          1    
16                   44 PE_1113e745950469cef1… 2024-06-12  2024 3          1    
17                   46 PE_11a9aa9ee4b7902435… 2025-08-11  2025 4          2    
18                   50 PE_1328229770dda7dc9c… 2024-05-15  2024 1          1    
19                   64 PE_19a314399778b0f217… 2025-09-14  2025 7          1    
20                   66 PE_1a63e3b4586af009f1… 2025-08-19  2025 5          1    
# ℹ 4 more variables: Treatment <fct>, E_rep_row <int>, VIN_E <int>,
#   row_count <int>

Censoring summary:
  Censored (ND) rows: 826 
  Censored rows with finite limit: 826 
  Censored rows with finite C: 826 

==============================
Variable: A 
No NA values detected.

==============================
Variable: B 
No NA values detected.

==============================
Variable: S 
No NA values detected.

==============================
Variable: Fu 
No NA values detected.

==============================
Variable: Y 
No NA values detected.

==============================
Variable: Cr 
No NA values detected.

==============================
Variable: PrevCr 
No NA values detected.

==============================
Variable: C 
NA count: 5488 
Rows with NA: 3, 5, 7, 8, 9, 13, 15, 17, 18, 19, 23, 25, 27, 28, 29, 33, 35, 37, 38, 39, 41, 42, 43, 44, 45 ... 

Example offending rows from d_mod:
# A tibble: 10 × 83
   `_wq_idx` Date        Year Irrigation Rep   Treatment InflowOutflow SampleID 
       <dbl> <date>     <int> <fct>      <fct> <fct>     <chr>         <chr>    
 1      3333 2011-06-30  2011 1          1     CT        OUT           CT1-01-OT
 2      5555 2011-06-30  2011 1          1     CT        OUT           CT1-01-OT
 3      8888 2011-06-30  2011 1          1     CT        OUT           CT1-01-OT
 4     11110 2011-06-30  2011 1          1     CT        OUT           CT1-01-OT
 5     13332 2011-06-30  2011 1          1     CT        OUT           CT1-01-OT
 6      3336 2011-07-01  2011 1          2     CT        OUT           CT2-01-0T
 7      5558 2011-07-01  2011 1          2     CT        OUT           CT2-01-0T
 8      8891 2011-07-01  2011 1          2     CT        OUT           CT2-01-0T
 9     11113 2011-07-01  2011 1          2     CT        OUT           CT2-01-0T
10     13335 2011-07-01  2011 1          2     CT        OUT           CT2-01-0T
# ℹ 75 more variables: FF <lgl>, Composite <chr>, Duplicate <int>, Flag <chr>,
#   NoRunoff <lgl>, Volume <dbl>, SampleMethod <fct>, MeasureMethod <chr>,
#   IrrMethod <chr>, FlumeMethod <fct>, TSSMethod <chr>, Lab <chr>,
#   Notes <chr>, Analyte <fct>, Result_mg_L <dbl>, Inflow_Result_mg_L <dbl>,
#   Inflow_Flag <chr>, Inflow_Volume <dbl>, Has_Inflow <lgl>,
#   MDL_Provided <dbl>, RL_Provided <dbl>, RLMDL_Provided_Units <chr>,
#   RLMDL_Method <chr>, MDL_mg_L <dbl>, RL_mg_L <dbl>, RLMDL_Source <chr>, …

==============================
Variable: C_cens 
No NA values detected.

==============================
Variable: C_cens_limit 
No NA values detected.

==============================
Variable: E 
No NA values detected.

==============================
Variable: R 
No NA values detected.

==============================
Variable: STIR 
No NA values detected.

==============================
Variable: CIN 
NA count: 5551 
Rows with NA: 3, 5, 7, 8, 9, 10, 13, 15, 17, 18, 19, 20, 23, 25, 27, 28, 29, 30, 33, 35, 37, 38, 39, 40, 41 ... 

Example offending rows from d_mod:
# A tibble: 10 × 83
   `_wq_idx` Date        Year Irrigation Rep   Treatment InflowOutflow SampleID 
       <dbl> <date>     <int> <fct>      <fct> <fct>     <chr>         <chr>    
 1      3333 2011-06-30  2011 1          1     CT        OUT           CT1-01-OT
 2      5555 2011-06-30  2011 1          1     CT        OUT           CT1-01-OT
 3      8888 2011-06-30  2011 1          1     CT        OUT           CT1-01-OT
 4     11110 2011-06-30  2011 1          1     CT        OUT           CT1-01-OT
 5     13332 2011-06-30  2011 1          1     CT        OUT           CT1-01-OT
 6     14443 2011-06-30  2011 1          1     CT        OUT           CT1-01-OT
 7      3336 2011-07-01  2011 1          2     CT        OUT           CT2-01-0T
 8      5558 2011-07-01  2011 1          2     CT        OUT           CT2-01-0T
 9      8891 2011-07-01  2011 1          2     CT        OUT           CT2-01-0T
10     11113 2011-07-01  2011 1          2     CT        OUT           CT2-01-0T
# ℹ 75 more variables: FF <lgl>, Composite <chr>, Duplicate <int>, Flag <chr>,
#   NoRunoff <lgl>, Volume <dbl>, SampleMethod <fct>, MeasureMethod <chr>,
#   IrrMethod <chr>, FlumeMethod <fct>, TSSMethod <chr>, Lab <chr>,
#   Notes <chr>, Analyte <fct>, Result_mg_L <dbl>, Inflow_Result_mg_L <dbl>,
#   Inflow_Flag <chr>, Inflow_Volume <dbl>, Has_Inflow <lgl>,
#   MDL_Provided <dbl>, RL_Provided <dbl>, RLMDL_Provided_Units <chr>,
#   RLMDL_Method <chr>, MDL_mg_L <dbl>, RL_mg_L <dbl>, RLMDL_Source <chr>, …

==============================
Variable: IRR_z 
No NA values detected.

==============================
Variable: DUP 
No NA values detected.

[INFO] Missing counts:
  N_C_miss    = 5488 
  N_CIN_miss  = 5551 
  N_VIN_event_miss = 193 
  J_VOL genuine observations = 370 
  N_RES_unit_miss = 36 
[INFO] Crop levels (Cr_n) = 5 

[INFO] Censoring summary:
  Censored (ND) rows: 826 
  Censored rows with finite limit: 826 
  Censored rows marked missing (should be 0): 0 

[INFO] Residue-unit summary (raw, before clamp/fill):
   Min. 1st Qu.  Median    Mean 3rd Qu.    Max.    NA's 
0.00010 0.08583 0.26333 0.31301 0.51000 0.99990      36 
[INFO] Residue-unit summary (Stan-ready, after clamp/fill):
   Min. 1st Qu.  Median    Mean 3rd Qu.    Max. 
 0.0001  0.2100  0.5000  0.3790  0.5000  0.9999 
                           beta_vol_is_scalar 
                                         TRUE 
                beta_stir_is_analyte_specific 
                                         TRUE 
                                b_V_is_scalar 
                                         TRUE 
                      residue_in_volume_model 
                                         TRUE 
               residue_in_concentration_model 
                                         TRUE 
                           vin_is_event_level 
                                         TRUE 
      vin_has_imputation_prior_not_likelihood 
                                         TRUE 
             residue_likelihood_is_unit_level 
                                         TRUE 
                        cin_remains_row_level 
                                         TRUE 
        concentration_likelihood_is_row_level 
                                         TRUE 
volume_likelihood_maps_observations_to_events 
                                         TRUE 
          no_method_specific_volume_parameter 
                                         TRUE 

[v3p0] post assembled.
  draws: 4000  A_n: 10  Y_n: 15  Cr_n: 5  PrevCr_n: 5 
  residue placeholder: FALSE 
pdf 
  2 
pdf 
  2 
pdf 
  2 
# A tibble: 15 × 2
    Year     n
   <int> <int>
 1  2011   504
 2  2012   721
 3  2013   588
 4  2014   814
 5  2015   924
 6  2016   336
 7  2017  1162
 8  2018   420
 9  2019    84
10  2020   840
11  2021  1274
12  2022  1945
13  2023  1974
14  2024  1344
15  2025  2436
# A tibble: 15 × 2
    Year     n
   <int> <int>
 1  2011   504
 2  2012   721
 3  2013   588
 4  2014   814
 5  2015   924
 6  2016   336
 7  2017  1162
 8  2018   420
 9  2019    84
10  2020   840
11  2021  1274
12  2022  1945
13  2023  1974
14  2024  1344
15  2025  2436
# A tibble: 0 × 1
# ℹ 1 variable: Year <int>
# A tibble: 10 × 4
    Year     n n_irr_na frac_irr_na
   <int> <int>    <int>       <dbl>
 1  2011   504        0           0
 2  2012   721        0           0
 3  2013   588        0           0
 4  2014   814        0           0
 5  2015   924        0           0
 6  2016   336        0           0
 7  2017  1162        0           0
 8  2018   420        0           0
 9  2019    84        0           0
10  2020   840        0           0
# A tibble: 15 × 12
    Year     n frac_na_event frac_na_stir frac_na_rep frac_na_samp frac_na_flume
   <int> <int>         <dbl>        <dbl>       <dbl>        <dbl>         <dbl>
 1  2011   504             0            0           0            0             0
 2  2012   721             0            0           0            0             0
 3  2013   588             0            0           0            0             0
 4  2014   814             0            0           0            0             0
 5  2015   924             0            0           0            0             0
 6  2016   336             0            0           0            0             0
 7  2017  1162             0            0           0            0             0
 8  2018   420             0            0           0            0             0
 9  2019    84             0            0           0            0             0
10  2020   840             0            0           0            0             0
11  2021  1274             0            0           0            0             0
12  2022  1945             0            0           0            0             0
13  2023  1974             0            0           0            0             0
14  2024  1344             0            0           0            0             0
15  2025  2436             0            0           0            0             0
# ℹ 5 more variables: frac_na_dup <dbl>, frac_na_cin <dbl>, frac_na_vin <dbl>,
#   frac_na_crop <dbl>, frac_na_res <dbl>
# A tibble: 15 × 2
    Year     n
   <int> <int>
 1  2011   504
 2  2012   721
 3  2013   588
 4  2014   814
 5  2015   924
 6  2016   336
 7  2017  1162
 8  2018   420
 9  2019    84
10  2020   840
11  2021  1274
12  2022  1945
13  2023  1974
14  2024  1344
15  2025  2436
