CmdStan path set to: C:/Users/ansle/anaconda3/envs/stan/Library/bin/cmdstan
[v3p0 batch] Started: 2026-07-20 07:17:07 MDT
[v3p0 batch] Force Stan recompile: FALSE
[v3p0 batch] Reuse serialized Stan fit: TRUE
Loading required package: cmdstanr
This is cmdstanr version 0.9.0.9000
- CmdStanR documentation and vignettes: mc-stan.org/cmdstanr
- CmdStan path: C:/Users/ansle/anaconda3/envs/stan/Library/bin/cmdstan
- CmdStan version: 2.36.0

A newer version of CmdStan is available. See ?install_cmdstan() to install it.
To disable this check set option or environment variable cmdstanr_no_ver_check=TRUE.
Loading required package: posterior
Warning: package 'posterior' was built under R version 4.4.3
This is posterior version 1.6.1

Attaching package: 'posterior'

The following objects are masked from 'package:stats':

    mad, sd, var

The following objects are masked from 'package:base':

    %in%, match

Loading required package: parallel
rethinking (Version 2.42)

Attaching package: 'rethinking'

The following object is masked from 'package:stats':

    rstudent


Attaching package: 'dplyr'

The following objects are masked from 'package:stats':

    filter, lag

The following objects are masked from 'package:base':

    intersect, setdiff, setequal, union

Warning: package 'ggridges' was built under R version 4.4.3
Warning: package 'readr' was built under R version 4.4.3

Attaching package: 'purrr'

The following object is masked from 'package:rethinking':

    map

Warning: Use of .data in tidyselect expressions was deprecated in tidyselect 1.2.0.
ℹ Please use `"_wq_idx"` instead of `.data$_wq_idx`
Warning: Use of .data in tidyselect expressions was deprecated in tidyselect 1.2.0.
ℹ Please use `"PhysicalEventID"` instead of `.data$PhysicalEventID`
Warning: Use of .data in tidyselect expressions was deprecated in tidyselect 1.2.0.
ℹ Please use `"ConcentrationObservationID"` instead of
  `.data$ConcentrationObservationID`
[v3p0 batch] Loaded saved fit; Stan compilation and sampling were skipped: C:/Users/ansle/OneDrive/Documents/GitHub/kerbel-long-term-impacts/results/bayes/v3p0_physical_event/fit_mogp_v3p0_physical_event.rds
[v3p0 batch] Reusing existing CmdStan dashboard PNG: C:/Users/ansle/OneDrive/Documents/GitHub/kerbel-long-term-impacts/figures/bayes/v3p0_physical_event/cmdstan_dashboard_v3p0_physical_event.png
Warning in stat_density_ridges(fill = "darkred", alpha = 0.55, scale = 1.1,  :
  Ignoring unknown parameters: `quantile_colour`, `quantile_linetype`, and
`quantile_linewidth`
Warning in stat_density_ridges(fill = "darkred", alpha = 0.55, scale = 1.05,  :
  Ignoring unknown parameters: `quantile_colour`, `quantile_linetype`, and
`quantile_linewidth`
Warning in stat_density_ridges(fill = "darkred", alpha = 0.55, scale = 1.1,  :
  Ignoring unknown parameters: `quantile_colour`, `quantile_linetype`, and
`quantile_linewidth`
Warning in ggridges::stat_density_ridges(fill = "darkred", alpha = 0.55,  :
  Ignoring unknown parameters: `quantile_colour`, `quantile_linetype`, and
`quantile_linewidth`
Warning in stat_density_ridges(fill = "darkred", alpha = 0.55, scale = 1.1,  :
  Ignoring unknown parameters: `quantile_colour`, `quantile_linetype`, and
`quantile_linewidth`
Warning in grid.Call.graphics(C_text, as.graphicsAnnot(x$label), x$x, x$y,  :
  for 'STIR → Load curves by analyte' in 'mbcsToSbcs': -> substituted for → (U+2192)
Warning in stat_density_ridges(fill = "darkred", alpha = 0.55, scale = 1.1,  :
  Ignoring unknown parameters: `quantile_colour`, `quantile_linetype`, and
`quantile_linewidth`

---- Year coverage in raw wq_clean (before any filters) ----

---- Year coverage after keep_outflow_only / drop_no_runoff filters ----

---- Years removed by filters (raw vs filtered) ----
All Irrigation levels mapped successfully (including S1/S2 if present).

---- Diagnostic: NA irr_num by Year (top 10) ----

---- Diagnostic: missing predictor fractions by Year ----

---- Final d_pred coverage by Year (after dropping incomplete rows) ----
Warning in make_annual_load_table_all_treatments_pred(post = post, d_pred = d_pred,  :
  Some analyte_abbr not found in analyte_lookup: ICP, NOx, NPOC, TSP. Dropping these rows from d_pred for annual table.
